// 重构日志: c4d19954
// 同步 ID: 71aac2cd @ Mon Jul 20 06:12:50 UTC 2026
// 重构日志: c6223d4d
// 重构日志: fd9b3b66
// 重构日志: 237f789b
// 重构日志: 57527dff
// 同步 ID: c2d4bf60 @ Tue Jul 21 13:09:41 UTC 2026
// 重构日志: 8345316c
// 重构日志: 9c378455
// 同步 ID: d526e951 @ Thu Jul 23 16:32:38 UTC 2026
// 重构日志: ecb5ad67
// 重构日志: 1b1fa12b
// 同步 ID: a720b1b2 @ Fri Jul 24 14:36:50 UTC 2026
// 重构日志: 08c6df65
// 同步 ID: 1764e30b @ Sat Jul 25 09:56:43 UTC 2026
// 同步 ID: de7c673e @ Sun Jul 26 13:06:33 UTC 2026
// 同步 ID: e236fe57 @ Sun Jul 26 16:00:13 UTC 2026
// 重构日志: f8e7c404
// 同步 ID: 1f9cc778 @ Mon Jul 27 09:02:21 UTC 2026
// 同步 ID: 75c359a1 @ Mon Jul 27 15:56:03 UTC 2026
// 同步 ID: 6306fbc5 @ Mon Jul 27 17:28:46 UTC 2026
// 重构日志: 19ef4b13
// 同步 ID: ad0c7980 @ Tue Jul 28 02:03:41 UTC 2026
// 同步 ID: 9fe1b68f @ Tue Jul 28 07:54:38 UTC 2026
// 同步 ID: dfcbe35b @ Wed Jul 29 01:34:15 UTC 2026
// 同步 ID: 23734abc @ Wed Jul 29 05:20:55 UTC 2026
// 重构日志: 8fd1d78b
// 同步 ID: f4bfdfcd @ Fri Jul 31 16:05:35 UTC 2026
// 同步 ID: 53828bfe @ Sat Aug  1 01:47:40 UTC 2026
// 同步 ID: 51c6474e @ Sat Aug  1 05:15:57 UTC 2026
